#
# There is insufficient memory for the Java Runtime Environment to continue.
# Native memory allocation (mmap) failed to map 132120576 bytes. Error detail: G1 virtual space
# Possible reasons:
#   The system is out of physical RAM or swap space
#   This process is running with CompressedOops enabled, and the Java Heap may be blocking the growth of the native heap
# Possible solutions:
#   Reduce memory load on the system
#   Increase physical memory or swap space
#   Check if swap backing store is full
#   Decrease Java heap size (-Xmx/-Xms)
#   Decrease number of Java threads
#   Decrease Java thread stack sizes (-Xss)
#   Set larger code cache with -XX:ReservedCodeCacheSize=
#   JVM is running with Unscaled Compressed Oops mode in which the Java heap is
#     placed in the first 4GB address space. The Java Heap base address is the
#     maximum limit for the native heap growth. Please use -XX:HeapBaseMinAddress
#     to set the Java Heap base and to place the Java Heap above 4GB virtual address.
# This output file may be truncated or incomplete.
#
#  Out of Memory Error (os_windows.cpp:3707), pid=10616, tid=6476
#
# JRE version:  (23.0.2+7) (build )
# Java VM: Java HotSpot(TM) 64-Bit Server VM (23.0.2+7-58, mixed mode, sharing, tiered, compressed oops, compressed class ptrs, g1 gc, windows-amd64)
# No core dump will be written. Minidumps are not enabled by default on client versions of Windows
#

---------------  S U M M A R Y ------------

Command Line: -Dclassworlds.conf=C:\Program Files\NetBeans-25\netbeans\java\maven\bin\m2.conf -Dmaven.home=C:\Program Files\NetBeans-25\netbeans\java\maven -Dlibrary.jansi.path=C:\Program Files\NetBeans-25\netbeans\java\maven\lib\jansi-native -Dmaven.multiModuleProjectDirectory=E:\SysVentas2025wige org.codehaus.plexus.classworlds.launcher.Launcher -Dexec.vmArgs= -Dexec.args=${exec.vmArgs} -classpath %classpath ${exec.mainClass} ${exec.appArgs} -Dexec.appArgs= -Dexec.mainClass=com.upeu.sysventas.SysVentas2025 -Dexec.executable=C:\Program Files\Java\jdk-23\bin\java.exe -Dmaven.ext.class.path=C:\Program Files\NetBeans-25\netbeans\java\maven-nblib\netbeans-eventspy.jar --no-transfer-progress process-classes org.codehaus.mojo:exec-maven-plugin:3.1.0:exec

Host: Intel(R) Core(TM) i7-10700 CPU @ 2.90GHz, 16 cores, 7G,  Windows 11 , 64 bit Build 26100 (10.0.26100.3323)
Time: Mon Jun  9 10:29:20 2025 Hora est. Pacífico, Sudamérica elapsed time: 1.728856 seconds (0d 0h 0m 1s)

---------------  T H R E A D  ---------------

Current thread (0x00000270dae3f640):  JavaThread "Unknown thread" [_thread_in_vm, id=6476, stack(0x00000092ec900000,0x00000092eca00000) (1024K)]

Stack: [0x00000092ec900000,0x00000092eca00000]
Native frames: (J=compiled Java code, j=interpreted, Vv=VM code, C=native code)
V  [jvm.dll+0x6e0b99]  (no source info available)
V  [jvm.dll+0x87e2b3]  (no source info available)
V  [jvm.dll+0x88073e]  (no source info available)
V  [jvm.dll+0x880e13]  (no source info available)
V  [jvm.dll+0x27b006]  (no source info available)
V  [jvm.dll+0x6dd485]  (no source info available)
V  [jvm.dll+0x6d127a]  (no source info available)
V  [jvm.dll+0x35b50a]  (no source info available)
V  [jvm.dll+0x363916]  (no source info available)
V  [jvm.dll+0x34fe7e]  (no source info available)
V  [jvm.dll+0x350118]  (no source info available)
V  [jvm.dll+0x328aec]  (no source info available)
V  [jvm.dll+0x32978e]  (no source info available)
V  [jvm.dll+0x8449a5]  (no source info available)
V  [jvm.dll+0x3b9a08]  (no source info available)
V  [jvm.dll+0x82d68c]  (no source info available)
V  [jvm.dll+0x454f2e]  (no source info available)
V  [jvm.dll+0x456db1]  (no source info available)
C  [jli.dll+0x52a3]  (no source info available)
C  [ucrtbase.dll+0x37b0]  (no source info available)
C  [KERNEL32.DLL+0x2e8d7]  (no source info available)
C  [ntdll.dll+0xbbf6c]  (no source info available)

Lock stack of current Java thread (top to bottom):


---------------  P R O C E S S  ---------------

Threads class SMR info:
_java_thread_list=0x00007ff802f84618, length=0, elements={
}

Java Threads: ( => current thread )
Total: 0

Other Threads:
  0x00000270dae95430 WorkerThread "GC Thread#0"                     [id=11684, stack(0x00000092eca00000,0x00000092ecb00000) (1024K)]
  0x00000270daeaa900 ConcurrentGCThread "G1 Main Marker"            [id=4016, stack(0x00000092ecb00000,0x00000092ecc00000) (1024K)]
  0x00000270daeab320 WorkerThread "G1 Conc#0"                       [id=3440, stack(0x00000092ecc00000,0x00000092ecd00000) (1024K)]

[error occurred during error reporting (printing all threads), id 0xc0000005, EXCEPTION_ACCESS_VIOLATION (0xc0000005) at pc=0x00007ff8026cc0da]
VM state: not at safepoint (not fully initialized)

VM Mutex/Monitor currently owned by a thread:  ([mutex/lock_event])
[0x00007ff803004988] Heap_lock - owner thread: 0x00000270dae3f640

Heap address: 0x0000000083e00000, size: 1986 MB, Compressed Oops mode: 32-bit

CDS archive(s) mapped at: [0x0000000000000000-0x0000000000000000-0x0000000000000000), size 0, SharedBaseAddress: 0x0000000800000000, ArchiveRelocationMode: 1.
Narrow klass base: 0x0000000000000000, Narrow klass shift: 0, Narrow klass range: 0x0

GC Precious Log:
 CardTable entry size: 512
 Card Set container configuration: InlinePtr #cards 5 size 8 Array Of Cards #cards 10 size 36 Howl #buckets 4 coarsen threshold 1843 Howl Bitmap #cards 512 size 80 coarsen threshold 460 Card regions per heap region 1 cards per card region 2048

Heap:
 garbage-first heap   total reserved 2033664K, committed 0K, used 0K [0x0000000083e00000, 0x0000000100000000)
  region size 1024K, 0 young (0K), 0 survivors (0K)

[error occurred during error reporting (printing heap information), id 0xc0000005, EXCEPTION_ACCESS_VIOLATION (0xc0000005) at pc=0x00007ff802acc6a9]
GC Heap History (0 events):
No events

Dll operation events (1 events):
Event: 0.007 Loaded shared library C:\Program Files\Java\jdk-23\bin\java.dll

Deoptimization events (0 events):
No events

Classes loaded (0 events):
No events

Classes unloaded (0 events):
No events

Classes redefined (0 events):
No events

Internal exceptions (0 events):
No events

VM Operations (0 events):
No events

Memory protections (0 events):
No events

Nmethod flushes (0 events):
No events

Events (0 events):
No events


Dynamic libraries:
0x00007ff60fd20000 - 0x00007ff60fd30000 	C:\Program Files\Java\jdk-23\bin\java.exe
0x00007ff8608a0000 - 0x00007ff860b03000 	C:\WINDOWS\SYSTEM32\ntdll.dll
0x00007ff85e7d0000 - 0x00007ff85e897000 	C:\WINDOWS\System32\KERNEL32.DLL
0x00007ff85daa0000 - 0x00007ff85de69000 	C:\WINDOWS\System32\KERNELBASE.dll
0x00007ff85e430000 - 0x00007ff85e57c000 	C:\WINDOWS\System32\ucrtbase.dll
0x00007ff85a6a0000 - 0x00007ff85a6bb000 	C:\Program Files\Java\jdk-23\bin\VCRUNTIME140.dll
0x00007ff84f030000 - 0x00007ff84f047000 	C:\Program Files\Java\jdk-23\bin\jli.dll
0x00007ff85ff30000 - 0x00007ff8600fa000 	C:\WINDOWS\System32\USER32.dll
0x00007ff8403d0000 - 0x00007ff840660000 	C:\WINDOWS\WinSxS\amd64_microsoft.windows.common-controls_6595b64144ccf1df_6.0.26100.3323_none_3e088096e3344490\COMCTL32.dll
0x00007ff85de70000 - 0x00007ff85de97000 	C:\WINDOWS\System32\win32u.dll
0x00007ff85eae0000 - 0x00007ff85eb89000 	C:\WINDOWS\System32\msvcrt.dll
0x00007ff85eb90000 - 0x00007ff85ebba000 	C:\WINDOWS\System32\GDI32.dll
0x00007ff85e010000 - 0x00007ff85e141000 	C:\WINDOWS\System32\gdi32full.dll
0x00007ff85e580000 - 0x00007ff85e623000 	C:\WINDOWS\System32\msvcp_win.dll
0x00007ff85f610000 - 0x00007ff85f63f000 	C:\WINDOWS\System32\IMM32.DLL
0x00007ff85a690000 - 0x00007ff85a69c000 	C:\Program Files\Java\jdk-23\bin\vcruntime140_1.dll
0x00007ff851570000 - 0x00007ff8515fe000 	C:\Program Files\Java\jdk-23\bin\msvcp140.dll
0x00007ff802390000 - 0x00007ff8030e0000 	C:\Program Files\Java\jdk-23\bin\server\jvm.dll
0x00007ff860550000 - 0x00007ff860602000 	C:\WINDOWS\System32\ADVAPI32.dll
0x00007ff85f340000 - 0x00007ff85f3e6000 	C:\WINDOWS\System32\sechost.dll
0x00007ff85fc50000 - 0x00007ff85fd66000 	C:\WINDOWS\System32\RPCRT4.dll
0x00007ff860700000 - 0x00007ff860774000 	C:\WINDOWS\System32\WS2_32.dll
0x00007ff85d770000 - 0x00007ff85d7be000 	C:\WINDOWS\SYSTEM32\POWRPROF.dll
0x00007ff848f90000 - 0x00007ff848fc6000 	C:\WINDOWS\SYSTEM32\WINMM.dll
0x00007ff84bee0000 - 0x00007ff84beeb000 	C:\WINDOWS\SYSTEM32\VERSION.dll
0x00007ff85d750000 - 0x00007ff85d764000 	C:\WINDOWS\SYSTEM32\UMPDC.dll
0x00007ff85c880000 - 0x00007ff85c89a000 	C:\WINDOWS\SYSTEM32\kernel.appcore.dll
0x00007ff859790000 - 0x00007ff85979a000 	C:\Program Files\Java\jdk-23\bin\jimage.dll
0x00007ff85b1e0000 - 0x00007ff85b421000 	C:\WINDOWS\SYSTEM32\DBGHELP.DLL
0x00007ff860100000 - 0x00007ff860482000 	C:\WINDOWS\System32\combase.dll
0x00007ff860780000 - 0x00007ff860856000 	C:\WINDOWS\System32\OLEAUT32.dll
0x00007ff819620000 - 0x00007ff819659000 	C:\WINDOWS\SYSTEM32\dbgcore.DLL
0x00007ff85e210000 - 0x00007ff85e2a9000 	C:\WINDOWS\System32\bcryptPrimitives.dll
0x00007ff8597a0000 - 0x00007ff8597be000 	C:\Program Files\Java\jdk-23\bin\java.dll
0x00007ff85f470000 - 0x00007ff85f605000 	C:\WINDOWS\System32\ole32.dll
0x00007ff85ebc0000 - 0x00007ff85f2d5000 	C:\WINDOWS\System32\SHELL32.dll
0x00007ff85dea0000 - 0x00007ff85e008000 	C:\WINDOWS\System32\wintypes.dll

dbghelp: loaded successfully - version: 4.0.5 - missing functions: none
symbol engine: initialized successfully - sym options: 0x614 - pdb path: .;C:\Program Files\Java\jdk-23\bin;C:\WINDOWS\SYSTEM32;C:\WINDOWS\WinSxS\amd64_microsoft.windows.common-controls_6595b64144ccf1df_6.0.26100.3323_none_3e088096e3344490;C:\Program Files\Java\jdk-23\bin\server

VM Arguments:
jvm_args: -Dclassworlds.conf=C:\Program Files\NetBeans-25\netbeans\java\maven\bin\m2.conf -Dmaven.home=C:\Program Files\NetBeans-25\netbeans\java\maven -Dlibrary.jansi.path=C:\Program Files\NetBeans-25\netbeans\java\maven\lib\jansi-native -Dmaven.multiModuleProjectDirectory=E:\SysVentas2025wige 
java_command: org.codehaus.plexus.classworlds.launcher.Launcher -Dexec.vmArgs= -Dexec.args=${exec.vmArgs} -classpath %classpath ${exec.mainClass} ${exec.appArgs} -Dexec.appArgs= -Dexec.mainClass=com.upeu.sysventas.SysVentas2025 -Dexec.executable=C:\Program Files\Java\jdk-23\bin\java.exe -Dmaven.ext.class.path=C:\Program Files\NetBeans-25\netbeans\java\maven-nblib\netbeans-eventspy.jar --no-transfer-progress process-classes org.codehaus.mojo:exec-maven-plugin:3.1.0:exec
java_class_path (initial): C:\Program Files\NetBeans-25\netbeans\java\maven\boot\plexus-classworlds-2.8.0.jar
Launcher Type: SUN_STANDARD

[Global flags]
     intx CICompilerCount                          = 12                                        {product} {ergonomic}
     uint ConcGCThreads                            = 3                                         {product} {ergonomic}
     uint G1ConcRefinementThreads                  = 13                                        {product} {ergonomic}
   size_t G1HeapRegionSize                         = 1048576                                   {product} {ergonomic}
   size_t InitialHeapSize                          = 132120576                                 {product} {ergonomic}
   size_t MarkStackSize                            = 4194304                                   {product} {ergonomic}
   size_t MarkStackSizeMax                         = 536870912                                 {product} {ergonomic}
   size_t MaxHeapSize                              = 2082471936                                {product} {ergonomic}
   size_t MinHeapDeltaBytes                        = 1048576                                   {product} {ergonomic}
   size_t MinHeapSize                              = 8388608                                   {product} {ergonomic}
    uintx NonNMethodCodeHeapSize                   = 7602176                                {pd product} {ergonomic}
    uintx NonProfiledCodeHeapSize                  = 122093568                              {pd product} {ergonomic}
    uintx ProfiledCodeHeapSize                     = 121962496                              {pd product} {ergonomic}
    uintx ReservedCodeCacheSize                    = 251658240                              {pd product} {ergonomic}
     bool SegmentedCodeCache                       = true                                      {product} {ergonomic}
   size_t SoftMaxHeapSize                          = 2082471936                             {manageable} {ergonomic}
     bool UseCompressedOops                        = true                           {product lp64_product} {ergonomic}
     bool UseG1GC                                  = true                                      {product} {ergonomic}
     bool UseLargePagesIndividualAllocation        = false                                  {pd product} {ergonomic}

Logging:
Log output configuration:
 #0: stdout all=warning uptime,level,tags foldmultilines=false
 #1: stderr all=off uptime,level,tags foldmultilines=false

Environment Variables:
JAVA_HOME=C:\Program Files\Java\jdk-23
PATH=C:\Program Files\Common Files\Oracle\Java\javapath;C:\Program Files (x86)\Common Files\Oracle\Java\java8path;C:\Program Files (x86)\Common Files\Oracle\Java\javapath;C:\WINDOWS\system32;C:\WINDOWS;C:\WINDOWS\System32\Wbem;C:\WINDOWS\System32\WindowsPowerShell\v1.0\;C:\WINDOWS\System32\OpenSSH\;C:\Program Files\dotnet\;C:\Program Files (x86)\Windows Kits\10\Windows Performance Toolkit\;C:\Program Files\apache-maven-3.9.8\bin;C:\Program Files\nodejs\;C:\Program Files\Git\cmd;C:\Program Files\Docker\Docker\resources\bin;C:\Users\Datos\Documents\apache-maven-3.9.9-bin\apache-maven-3.9.9\bin;C:\Users\Datos\AppData\Local\Programs\Python\Python312\Scripts\;C:\Users\Datos\AppData\Local\Programs\Python\Python312\;C:\Users\Datos\AppData\Local\Programs\Python\Launcher\;C:\Users\Datos\AppData\Local\Microsoft\WindowsApps;C:\Users\Datos\AppData\Roaming\npm;C:\Users\Datos\AppData\Local\Programs\Microsoft VS Code\bin
USERNAME=Datos
OS=Windows_NT
PROCESSOR_IDENTIFIER=Intel64 Family 6 Model 165 Stepping 5, GenuineIntel
TMP=C:\Users\Datos\AppData\Local\Temp
TEMP=C:\Users\Datos\AppData\Local\Temp




Periodic native trim disabled

---------------  S Y S T E M  ---------------

OS:
 Windows 11 , 64 bit Build 26100 (10.0.26100.3323)
OS uptime: 9 days 23:58 hours
Hyper-V role detected

CPU: total 16 (initial active 16) (8 cores per cpu, 2 threads per core) family 6 model 165 stepping 5 microcode 0xf0, cx8, cmov, fxsr, ht, mmx, 3dnowpref, sse, sse2, sse3, ssse3, sse4.1, sse4.2, popcnt, lzcnt, tsc, tscinvbit, avx, avx2, aes, erms, clmul, bmi1, bmi2, adx, fma, vzeroupper, clflush, clflushopt, hv, rdtscp, f16c
Processor Information for the first 16 processors :
  Max Mhz: 2904, Current Mhz: 2904, Mhz Limit: 2904

Memory: 4k page, system-wide physical 7936M (2352M free)
TotalPageFile size 32512M (AvailPageFile size 12M)
current process WorkingSet (physical memory assigned to process): 13M, peak: 13M
current process commit charge ("private bytes"): 71M, peak: 197M

vm_info: Java HotSpot(TM) 64-Bit Server VM (23.0.2+7-58) for windows-amd64 JRE (23.0.2+7-58), built on 2024-11-29T09:34:55Z with MS VC++ 17.6 (VS2022)

END.
